// Jest Snapshot v1, https://goo.gl/fbAQLP

exports[`solutionAdjectives returns the solutionAdjectives 1`] = `
Array [
  "imaginables",
  "possibles",
  "s'offrant à nous",
  "de bon sens",
  "envisageables",
  "éventuelles",
  "réalisables",
  "déclinables",
  "pertinentes",
  "que nous connaissons",
  "évidentes",
  "optimales",
  "opportunes",
  "emblématiques",
  "draconiennes",
]
`;
